Microsoft (R) Macro Assembler Version 6.00AD    	    05/18/25 18:23:34
z80.asm							     Page 1 - 1


				;	CP/M 2.2 player for generic MS-DOS Rev. 1.00
				;
				;	Copyright (C) 2024 by Gazelle
				;
				;Permission is hereby granted, free of charge, to any person
				;obtaining a copy of this software and associated documentation
				;files (the "Software"), to deal in the Software without
				;restriction, including without limitation the rights to use,
				;copy, modify, merge, publish, distribute, sublicense, and/or sell
				;copies of the Software, and to permit persons to whom the
				;Software is furnished to do so, subject to the following
				;conditions:
				;
				;The above copyright notice and this permission notice shall be
				;included in all copies or substantial portions of the Software.
				;
				;THE SOFTWARE IS PROVIDED "AS IS", WITHOUT WARRANTY OF ANY KIND,
				;EXPRESS OR IMPLIED, INCLUDING BUT NOT LIMITED TO THE WARRANTIES
				;OF MERCHANTABILITY, FITNESS FOR A PARTICULAR PURPOSE AND
				;NONINFRINGEMENT. IN NO EVENT SHALL THE AUTHORS OR COPYRIGHT
				;HOLDERS BE LIABLE FOR ANY CLAIM, DAMAGES OR OTHER LIABILITY,
				;WHETHER IN AN ACTION OF CONTRACT, TORT OR OTHERWISE, ARISING
				;FROM, OUT OF OR IN CONNECTION WITH THE SOFTWARE OR THE USE OR
				;OTHER DEALINGS IN THE SOFTWARE.

				;Repository https://github.com/Gazelle8087/CPM-player-for-generic-MS-DOS
				;
				;2024/8/22 Rev. 1.00 Initial release
				;2025/5/18 Rev. 1.10 Convert CP/M arguments to uppercase.
				;                    Change CPU instruction execution module to Z80EM.BIN
				;                    Change name 80 to Z80

						page 66,100
						.model	tiny
 0000						.code

						org	100h

						assume	ds:nothing,es:nothing,ss:nothing

 0100  E9 0231			start:		jmp	hajime
						align	2

 0104 0000			save_di		dw	?
 0106 0000			save_si		dw	?
 0108 0000			save_cx		dw	?
 010A 0000			save_dx		dw	?
 010C 0000			z80_seg		dw	?
 010E 0000			em_file_handle	dw	?
 0110 0000			cpm_file_handle	dw	?
 0112 0000			cpm_arg_offset	dw	?
 0114 0000			fcb_addr	dw	?
 0116 00			path_flag	db	0
 0117 00			env_flag	db	0
 0118 00			drv_flag	db	0
 0119 0000			file_name_end	dw	?

 011B 2E 43 4F 4D 00		com_str			db	'.COM',0
 0120 2E 43 50 4D 00		cpm_str			db	'.CPM',0
 0125 5A 5F 45 4D 3D		env_key			db	'Z_EM='
 012A 5A 38 30 45 4D 2E		em_file_name0		db	'Z80EM.BIN',0
       42 49 4E 00
 0134				em_file_name0_end:
 0134  0080 [			env_str			db	128 dup (0)
        00
       ]
 01B4  0080 [			em_file_name		db	128 dup (?)
        00
       ]
 0234  0080 [			cpm_file_name		db	128 dup (?)
        00
       ]
 02B4  0080 [			buffer_area		db	128 dup (?)
        00
       ]

				;---------------------------------------------

 0334  8C C8			hajime:		mov	ax,cs
 0336  8E C0					mov	es,ax
 0338  8E D8					mov	ds,ax
 033A  BA 0608 R				mov	dx,offset open_msg
 033D  B4 09					mov	ah,9
 033F  CD 21					int	21h
 0341  B4 4A					mov	ah,4ah		;Free up memory leaving 128K
				B
 0343  BB 3001					mov	bx,3001h
 0346  CD 21					int	21h
 0348  73 03					jnc	main_read_emulator
 034A  E9 0402					jmp	no_mem
 034D				main_read_emulator:
 034D  8C C8					mov	ax,cs
 034F  8E D0					mov	ss,ax
 0351  BC F000					mov	sp,0f000h
 0354  05 1000					add	ax,1000h
 0357  A9 0001					test	ax,1
 035A  74 01					jz	em_seg_even
 035C  40					inc	ax
Microsoft (R) Macro Assembler Version 6.00AD    	    05/18/25 18:23:34
z80.asm							     Page 2 - 1


 035D  2E: A3 03B1 R		em_seg_even:	mov	em_seg,ax
 0361  05 1000					add	ax,1000h
 0364  2E: A3 010C R				mov	z80_seg,ax

 0368  E8 0405					call	search_env

 036B  E8 046D					call	read_emulator

 036E  E8 04E3					call	read_cpm_file

 0371  E8 05FD					call	setup_cpm_area

				;--------------------------------------

 0374  2E: 8E 1E 010C R				mov	ds,z80_seg
 0379  2E: 8E 06 010C R				mov	es,z80_seg
 037E  BE 0100					mov	si,100h		;PC reg in Z80
 0381  BF FF82					mov	di,CPM_BDOS-2	;SP
 0384  C7 05 0000				mov	ds:[di],word ptr 0
 0388  2E: 89 36 0106 R				mov	save_si,si
 038D  2E: 89 3E 0104 R				mov	save_di,di

 0392  BA 0080					mov	dx,80h
 0395  B4 1A					mov	ah,1ah
 0397  CD 21					int	21h
 0399  FC					cld
 039A				go_cpm:
 039A  2E: 8B 36 0106 R		no_op:		mov	si,save_si
 039F  2E: 8B 3E 0104 R				mov	di,save_di
 03A4  2E: 8E 1E 010C R				mov	ds,z80_seg
 03A9  2E: 8E 06 010C R				mov	es,z80_seg
				;		mov	cx,save_cx
				;		mov	dx,save_dx

 03AE  9A					db	09ah	;CALL far
 03AF  00E0					dw	0e0h	;Z80 emulator entry point
 03B1 0000			EM_SEG		dw	?	;emulator loading segment

				;		mov	save_dx,dx
				;		mov	save_cx,cx
 03B3  2E: 89 3E 0104 R				mov	save_di,di
 03B8  2E: 89 36 0106 R				mov	save_si,si

 03BD  83 FD 01					cmp	bp,1	;BP(return code) = 1 : HLT
 03C0  75 1B					jne	go_cpm_2

 03C2  83 FE 84					cmp	si,CPM_BDOS
 03C5  73 03 E9 00AD				jb	z80_error
 03CA  80 F9 28					cmp	cl,40
 03CD  76 03 E9 00A5				ja	z80_error

 03D2  8A D9					mov	bl,cl
 03D4  B7 00					mov	bh,0
 03D6  03 DB					add	bx,bx
 03D8  2E: FF A7 04FE R				jmp	word ptr cs:[bx+bdos_table]
 03DD				go_cpm_2:
 03DD  83 FD 02					cmp	bp,2	;BP=2 : OUT (n),A
 03E0  74 03 E9 0092				jne	z80_error

 03E5  83 FE 88					cmp	si,CPM_BIOS
 03E8  73 03 E9 008A				jb	z80_error
 03ED  AC					lodsb
Microsoft (R) Macro Assembler Version 6.00AD    	    05/18/25 18:23:34
z80.asm							     Page 3 - 1


 03EE  2E: 89 36 0106 R				mov	save_si,si
 03F3  3C 10					cmp	al,10h
 03F5  77 0B					ja	go_cpm_3
 03F7  8A D8					mov	bl,al
 03F9  B7 00					mov	bh,0
 03FB  03 DB					add	bx,bx
 03FD  2E: FF A7 05B7 R				jmp	word ptr cs:[bx+bios_table]

 0402  4E			go_cpm_3:	dec	si
 0403  EB 72					jmp	z80_error

				;---------------------------------
 0405 49 6E 63 6F 6D 70		bdos_no_error_msg	db	'Incompatible bdos no $'
       61 74 69 62 6C 65
       20 62 64 6F 73 20
       6E 6F 20 24
 041B 49 6E 63 6F 6D 70		bios_no_error_msg	db	'Incompatible bios no $'
       61 74 69 62 6C 65
       20 62 69 6F 73 20
       6E 6F 20 24

 0431				BIOS_no_error:
 0431  8A C8					mov	cl,al
 0433  BA 041B R				mov	dx,offset bios_no_error_msg
 0436  EB 03					jmp	bdos_bios_em_err
 0438				BDOS_no_error:
 0438  BA 0405 R				mov	dx,offset bdos_no_error_msg
 043B				bdos_bios_em_err:
 043B  8C C8					mov	ax,cs
 043D  8E D8					mov	ds,ax
 043F  B4 09					mov	ah,9
 0441  CD 21					int	21h
 0443  8A C1					mov	al,cl
 0445  E8 0631					call	dsphex2
 0448  B8 4C00					mov	ax,4c00h
 044B  CD 21					int	21h

				;---------------------------------
 044D 55 6E 64 65 66 69		Z80em_undef_msg		db	'Undefined code $'
       6E 65 64 20 63 6F
       64 65 20 24
 045D 55 6E 65 78 65 63		Z80em_unexec_msg	db	'Unexecutable code $'
       75 74 61 62 6C 65
       20 63 6F 64 65 20
       24
 0470 20 61 74 20 24		Z80em_error_msg		db	' at $'
 0475 0000			z80em_err_addr		dw	?

 0477  BA 045D R		Z80_error:	mov	dx,offset z80em_unexec_msg
 047A  B9 0001					mov	cx,1
 047D  BB 0001					mov	bx,1
 0480  83 FD 01					cmp	bp,1
 0483  74 48					je	z80_error_0

 0485  B9 0002					mov	cx,2
 0488  BB 0001					mov	bx,1
 048B  83 FD 02					cmp	bp,2
 048E  74 3D					je	z80_error_0

 0490  B9 0002					mov	cx,2
 0493  BB 0001					mov	bx,1
 0496  83 FD 03					cmp	bp,3
Microsoft (R) Macro Assembler Version 6.00AD    	    05/18/25 18:23:34
z80.asm							     Page 4 - 1


 0499  74 32					je	z80_error_0

 049B  B9 0002					mov	cx,2
 049E  BB 0002					mov	bx,2
 04A1  83 FD 04					cmp	bp,4
 04A4  74 27					je	z80_error_0

 04A6  BA 044D R				mov	dx,offset z80em_undef_msg
 04A9  B9 0002					mov	cx,2
 04AC  BB 0002					mov	bx,2
 04AF  83 FD 05					cmp	bp,5
 04B2  74 19					je	z80_error_0

 04B4  B9 0004					mov	cx,4
 04B7  BB 0004					mov	bx,4
 04BA  83 FD 06					cmp	bp,6
 04BD  74 0E					je	z80_error_0

 04BF  B9 0001					mov	cx,1
 04C2  BB 0001					mov	bx,1
 04C5  83 FD 07					cmp	bp,7
 04C8  74 03					je	z80_error_0

 04CA  E9 0291					jmp	z80em_internal_error

 04CD  8C C8			z80_error_0:	mov	ax,cs
 04CF  8E D8					mov	ds,ax
 04D1  B4 09					mov	ah,9
 04D3  CD 21					int	21h

 04D5  2B F3					sub	si,bx
 04D7  2E: 89 36 0475 R				mov	z80em_err_addr,si
 04DC  2E: 8E 06 010C R				mov	es,z80_seg
 04E1				z80_error_6:
 04E1  26: 8A 04				mov	al,es:[si]
 04E4  E8 0592					call	dsphex2
 04E7  46					inc	si
 04E8  E2 F7					loop	z80_error_6
 04EA  BA 0470 R				mov	dx,offset z80em_error_msg
 04ED  B4 09					mov	ah,9
 04EF  CD 21					int	21h
 04F1  2E: A1 0475 R				mov	ax,z80em_err_addr
 04F5  E8 0576					call	dsphex4
 04F8  B8 4C00					mov	ax,4c00h
 04FB  CD 21					int	21h

				;--------------------------------------
						even
 04FE 0550 R			bdos_table	dw	sonomama	;0  system reset
 0500  0550 R					dw	sonomama	;1  input from console
 0502  0550 R					dw	sonomama	;2  output to consple
 0504  0550 R					dw	sonomama	;3  input from reader
 0506  0550 R					dw	sonomama	;4  output to punch
 0508  0550 R					dw	sonomama	;5  output to printer
 050A  0550 R					dw	sonomama	;6  direct console I/O
 050C  0567 R					dw	get_io_byte	;7  get io byte
 050E  056D R					dw	set_io_byte	;8  set io byte
 0510  0550 R					dw	sonomama	;9  output string to console
 0512  0550 R					dw	sonomama	;A  bufferd input from conso
				le
 0514  0557 R					dw	bdos_const	;B  check console status
 0516  0574 R					dw	get_version	;C  get version no
Microsoft (R) Macro Assembler Version 6.00AD    	    05/18/25 18:23:34
z80.asm							     Page 5 - 1


 0518  0550 R					dw	sonomama	;D  disk reset
 051A  0550 R					dw	sonomama	;E  disk select
 051C  0550 R					dw	sonomama	;F  open
 051E  0550 R					dw	sonomama	;10 close
 0520  057A R					dw	file_search1	;11 search first
 0522  0586 R					dw	file_search2	;12 search next
 0524  0550 R					dw	sonomama	;13 delete
 0526  0592 R					dw	bdos_read	;14 read seaquential
 0528  0550 R					dw	sonomama	;15 write seaquential
 052A  0550 R					dw	sonomama	;16 create
 052C  0550 R					dw	sonomama	;17 rename
 052E  05B4 R					dw	get_login_vect	;18 get login vector
 0530  0550 R					dw	sonomama	;19 get current drive
 0532  0550 R					dw	sonomama	;1A set DMA addr
 0534  05B4 R					dw	get_alloc_addr	;1B get allocation addr
 0536  05B4 R					dw	set_ro		;1C set R/O
 0538  05B4 R					dw	get_ro_vect	;1D get R/O vector
 053A  05B4 R					dw	set_file_attr	;1E set file attrib
 053C  05B4 R					dw	get_DPB_addr	;1F get DPB addr
 053E  059F R					dw	get_set_user	;20 get/set user code
 0540  0550 R					dw	sonomama	;21 read random
 0542  0550 R					dw	sonomama	;22 write random
 0544  0550 R					dw	sonomama	;23 get file size
 0546  0550 R					dw	sonomama	;24 set random record
 0548  05B4 R					dw	reset_disk2	;25 reset disk by vector
 054A  039A R					dw	no_op		;26
 054C  039A R					dw	no_op		;27
 054E  0550 R					dw	sonomama	;28 write random w/zero fill

 0550  8A E1			sonomama:	mov	ah,cl
 0552  CD 21					int	21h
 0554  E9 FE43					jmp	go_cpm

 0557  B4 0B			bdos_const:	mov	ah,0bh
 0559  BB 0001					mov	bx,1
 055C  CD 21					int	21h
 055E  3C 00					cmp	al,0
 0560  74 02					je	bdos_noready
 0562  B0 01					mov	al,1
 0564				bdos_noready:
 0564  E9 FE33					jmp	go_cpm

 0567  A0 0003			get_io_byte:	mov	al,ds:[0003]
 056A  E9 FE2D					jmp	go_cpm

 056D  88 16 0003		set_io_byte:	mov	ds:[0003],dl
 0571  E9 FE26					jmp	go_cpm

 0574  BB 0022			get_version:	mov	bx,22h
 0577  E9 FE20					jmp	go_cpm

 057A  2E: 89 16 0114 R		file_search1:	mov	fcb_addr,dx
 057F  B4 11					mov	ah,11h
 0581  CD 21					int	21h
 0583  E9 FE14					jmp	go_cpm

 0586  2E: 8B 16 0114 R		file_search2:	mov	dx,fcb_addr
 058B  B4 12					mov	ah,12h
 058D  CD 21					int	21h
 058F  E9 FE08					jmp	go_cpm

 0592  B4 14			bdos_read:	mov	ah,14h
Microsoft (R) Macro Assembler Version 6.00AD    	    05/18/25 18:23:34
z80.asm							     Page 6 - 1


 0594  CD 21					int	21h
 0596  3C 03					cmp	al,3
 0598  75 02					jne	bdos_read_exit
 059A  B0 00					mov	al,0
 059C  E9 FDFB			bdos_read_exit:	jmp	go_cpm

 059F				get_set_user:
 059F  80 FA FF					cmp	dl,0ffh
 05A2  75 05					jne	set_user_code
 05A4  B0 00					mov	al,0
 05A6  E9 FDF1					jmp	go_cpm

 05A9  80 FA 00			set_user_code:	cmp	dl,0
 05AC  74 03					je	set_user_code_0
 05AE  E9 FE87					jmp	bdos_no_error
 05B1  E9 FDE6			set_user_code_0:jmp	go_cpm

 05B4				bdos_reader:	;3  input from reader
 05B4				bdos_punch:	;4  output to punch
 05B4				get_login_vect:	;18 get login vector
 05B4				get_alloc_addr:	;1B get allocation addr
 05B4				set_ro:		;1C set R/O
 05B4				get_ro_vect:	;1D get R/O vector
 05B4				set_file_attr:	;1E set file attrib
 05B4				get_DPB_addr:	;1F get DPB addr
 05B4				reset_disk2:	;25 reset disk by vector

 05B4  E9 FE81					jmp	bdos_no_error
				;--------------------------------------
 05B7 05D9 R			bios_table	dw	bios_boot
 05B9  05D9 R					dw	bios_wboot
 05BB  05DE R					dw	bios_const
 05BD  05E9 R					dw	bios_conin
 05BF  05F0 R					dw	bios_conout
 05C1  0605 R					dw	bios_list
 05C3  0605 R					dw	bios_punch
 05C5  0605 R					dw	bios_reader
 05C7  0605 R					dw	bios_home
 05C9  0605 R					dw	bios_seldsk
 05CB  0605 R					dw	bios_settrk
 05CD  0605 R					dw	bios_setsec
 05CF  0605 R					dw	bios_setdma
 05D1  0605 R					dw	bios_read
 05D3  0605 R					dw	bios_write
 05D5  0605 R					dw	bios_listst
 05D7  0605 R					dw	bios_sectran

 05D9				bios_boot:
 05D9  B8 4C00			bios_wboot:	mov	ax,4c00h
 05DC  CD 21					int	21h

 05DE  B8 4406			bios_const:	mov	ax,4406h
 05E1  BB 0001					mov	bx,1
 05E4  CD 21					int	21h
 05E6  E9 FDB1					jmp	go_cpm

 05E9  B4 07			bios_conin:	mov	ah,7
 05EB  CD 21					int	21h
 05ED  E9 FDAA					jmp	go_cpm

 05F0  B4 06			bios_conout:	mov	ah,6
 05F2  80 F9 FF					cmp	cl,0ffh
Microsoft (R) Macro Assembler Version 6.00AD    	    05/18/25 18:23:34
z80.asm							     Page 7 - 1


 05F5  74 07					je	bios_conout1
 05F7  8A D1					mov	dl,cl
 05F9  CD 21					int	21h
 05FB  E9 FD9C					jmp	go_cpm
 05FE  B2 00			bios_conout1:	mov	dl,00
 0600  CD 21					int	21h
 0602  E9 FD95					jmp	go_cpm

 0605				bios_list:
 0605				bios_punch:
 0605				bios_reader:
 0605				bios_listst:
 0605				bios_home:
 0605				bios_seldsk:
 0605				bios_settrk:
 0605				bios_setsec:
 0605				bios_setdma:
 0605				bios_read:
 0605				bios_write:
 0605				bios_sectran:
 0605  E9 FE29					jmp	bios_no_error
				;======================================
 0608 43 50 2F 4D 20 32		open_msg		db	'CP/M 2.2 player for generic MS-DOS 
       2E 32 20 70 6C 61	Rev. 1.10  ',0dh,0ah
       79 65 72 20 66 6F
       72 20 67 65 6E 65
       72 69 63 20 4D 53
       2D 44 4F 53 20 52
       65 76 2E 20 31 2E
       31 30 20 20 0D 0A
 0638  43 6F 70 79 72 69				db	'Copyright (c) 2024, 2025 by Gazelle
       67 68 74 20 28 63	',0dh,0ah,0ah,24h
       29 20 32 30 32 34
       2C 20 32 30 32 35
       20 62 79 20 47 61
       7A 65 6C 6C 65 0D
       0A 0A 24
 065F 4E 6F 20 65 6E 6F		no_mem_msg		db	'No enough memory.$'
       75 67 68 20 6D 65
       6D 6F 72 79 2E 24
 0671 5A 38 30 45 4D 2E		em_open_error_msg	db	'Z80EM.BIN open error.$'
       42 49 4E 20 6F 70
       65 6E 20 65 72 72
       6F 72 2E 24
 0687 5A 38 30 45 4D 2E		em_read_error_msg	db	'Z80EM.BIN read error.$'
       42 49 4E 20 72 65
       61 64 20 65 72 72
       6F 72 2E 24
 069D 5A 38 30 45 4D 2E		em_close_error_msg	db	'Z80EM.BIN close error.$'
       42 49 4E 20 63 6C
       6F 73 65 20 65 72
       72 6F 72 2E 24
 06B4 43 50 4D 20 66 69		cpm_open_error_msg	db	'CPM file open error.$'
       6C 65 20 6F 70 65
       6E 20 65 72 72 6F
       72 2E 24
 06C9 43 50 4D 20 66 69		cpm_read_error_msg	db	'CPM file read error.$'
       6C 65 20 72 65 61
       64 20 65 72 72 6F
       72 2E 24
 06DE 43 50 4D 20 66 69		cpm_close_error_msg	db	'CPM file close error.$'
       6C 65 20 63 6C 6F
Microsoft (R) Macro Assembler Version 6.00AD    	    05/18/25 18:23:34
z80.asm							     Page 8 - 1


       73 65 20 65 72 72
       6F 72 2E 24
 06F4 74 6F 6F 20 6C 6F		too_long_path_msg	db	'too long path.$'
       6E 67 20 70 61 74
       68 2E 24
 0703 74 6F 6F 20 6C 61		too_large_com_msg	db	'too large COM file.$'
       72 67 65 20 43 4F
       4D 20 66 69 6C 65
       2E 24
 0717 5A 38 30 45 4D 2E		internal_error_msg	db	'Z80EM.BIN internal error.$'
       42 49 4E 20 69 6E
       74 65 72 6E 61 6C
       20 65 72 72 6F 72
       2E 24

 0731  BA 069D R		em_close_error:	mov	dx,offset em_close_error_msg
 0734  EB 2D					jmp	error_exit
 0736  BA 0671 R		em_open_error:	mov	dx,offset em_open_error_msg
 0739  EB 28					jmp	error_exit
 073B  BA 0687 R		em_read_error:	mov	dx,offset em_read_error_msg
 073E  EB 23					jmp	error_exit
 0740  BA 06DE R		cpm_close_error:mov	dx,offset cpm_close_error_msg
 0743  EB 1E					jmp	error_exit
 0745  BA 06B4 R		cpm_open_error:	mov	dx,offset cpm_open_error_msg
 0748  EB 19					jmp	error_exit
 074A  BA 06C9 R		cpm_read_error:	mov	dx,offset cpm_read_error_msg
 074D  EB 14					jmp	error_exit
 074F  BA 065F R		no_mem:		mov	dx,offset no_mem_msg
 0752  EB 0F					jmp	error_exit
 0754  BA 06F4 R		too_long_path:	mov	dx,offset too_long_path_msg
 0757  EB 0A					jmp	error_exit
 0759  BA 0703 R		too_large_com:	mov	dx,offset too_large_com_msg
 075C  EB 05					jmp	error_exit
 075E				z80em_internal_error:
 075E  BA 0717 R				mov	dx,offset internal_error_msg
 0761  EB 00					jmp	error_exit

 0763				error_exit:
 0763  8C C8					mov	ax,cs
 0765  8E D8					mov	ds,ax
 0767  B4 09					mov	ah,9
 0769  CD 21					int	21h
 076B  B8 4C00					mov	ax,4c00h
 076E  CD 21					int	21h
				;======================================

 0770  8C C8			search_env:	mov	ax,cs
 0772  8E C0					mov	es,ax
 0774  2E: A1 002C				mov	ax,cs:[002ch]
 0778  8E D8					mov	ds,ax
 077A  BE 0000					mov	si,0
 077D  FC					cld

 077E				search_env_next_4:
 077E  BB FFFF					mov	bx,0ffffh
 0781  BF 0125 R				mov	di,offset env_key
 0784  26: 8A 15				mov	dl,es:[di]
 0787  AC					lodsb
 0788				search_env_next_2:
 0788  3A C2					cmp	al,dl
 078A  74 18					je	search_env_match_1
 078C				search_env_next_3:
Microsoft (R) Macro Assembler Version 6.00AD    	    05/18/25 18:23:34
z80.asm							     Page 9 - 1


 078C  3C 00					cmp	al,0
 078E  74 09					je	search_env_next_5
 0790				search_env_next_1:
 0790  AC					lodsb
 0791  23 F6					and	si,si
 0793  74 3E					je	search_env_exit_1
 0795  3C 00					cmp	al,0
 0797  75 F7					jne	search_env_next_1
 0799				search_env_next_5:
 0799  AC					lodsb
 079A  23 F6					and	si,si
 079C  74 35					je	search_env_exit_1
 079E  3C 00					cmp	al,0
 07A0  74 34					je	search_env_exit
 07A2  EB E4					jmp	search_env_next_2

 07A4				search_env_match_1:
 07A4  8B DE					mov	bx,si
 07A6  4B					dec	bx

 07A7				search_env_match_3:
 07A7  AC					lodsb
 07A8  23 F6					and	si,si
 07AA  74 27					je	search_env_exit_1
 07AC  47					inc	di
 07AD  26: 8A 15				mov	dl,es:[di]
 07B0  3A C2					cmp	al,dl
 07B2  74 0B					je	search_env_match_2
 07B4				search_env_match_4:
 07B4  3C 00					cmp	al,0
 07B6  74 C6					je	search_env_next_4
 07B8  AC					lodsb
 07B9  23 F6					and	si,si
 07BB  74 16					je	search_env_exit_1
 07BD  EB F5					jmp	search_env_match_4
 07BF				search_env_match_2:
 07BF  3C 3D					cmp	al,'='
 07C1  75 E4					jne	search_env_match_3

 07C3  B9 0080					mov	cx,128
 07C6  BF 0134 R				mov	di,offset env_str
 07C9				search_env_get:
 07C9  AC					lodsb
 07CA  AA					stosb
 07CB  3C 00					cmp	al,0
 07CD  74 07					je	search_env_exit
 07CF  E2 F8					loop	search_env_get
 07D1  EB 00					jmp	search_env_exit_1

 07D3				search_env_exit_1:
 07D3  BB FFFF					mov	bx,0ffffh
 07D6				search_env_exit:
 07D6  8C C8					mov	ax,cs
 07D8  8E D8					mov	ds,ax
 07DA  C3					ret
				;================================================

 07DB				read_emulator:
 07DB  8C C8					mov	ax,cs
 07DD  8E D8					mov	ds,ax
 07DF  8E C0					mov	es,ax
 07E1  B8 3D00					mov	ax,3d00h
Microsoft (R) Macro Assembler Version 6.00AD    	    05/18/25 18:23:34
z80.asm							     Page 10 - 1


 07E4  BA 012A R				mov	dx,offset em_file_name0		;search curr
				ent dir
				;		call	disp_file_name
 07E7  CD 21					int	21h
 07E9  73 36					jnc	read_em_4

 07EB  BE 0134 R				mov	si,offset env_str
 07EE  BF 01B4 R				mov	di,offset em_file_name
 07F1  FC					cld
 07F2  AC					lodsb
 07F3  22 C0					and	al,al
 07F5  75 03					jnz	read_em_31
 07F7  E9 FF3C					jmp	em_open_error
 07FA				read_em_31:
 07FA  AA					stosb
 07FB  B9 0075					mov	cx,117
 07FE				read_em_1:
 07FE  AC					lodsb
 07FF  22 C0					and	al,al
 0801  74 06					jz	read_em_2
 0803  AA					stosb
 0804  E2 F8					loop	read_em_1
 0806  E9 FF4B					jmp	too_long_path
 0809				read_em_2:
 0809  B0 5C					mov	al,'\'
 080B  AA					stosb
 080C				read_em_3:
 080C  BE 012A R				mov	si,offset em_file_name0
 080F  B9 000A					mov	cx,offset em_file_name0_end - offset em_file
				_name0
 0812  F3/ A4					rep	movsb

 0814  B8 3D00					mov	ax,3d00h
 0817  BA 01B4 R				mov	dx,offset em_file_name
				;		call	disp_file_name
 081A  CD 21					int	21h
 081C  73 03					jnc	read_em_4
 081E  E9 FF15					jmp	em_open_error
 0821				read_em_4:
 0821  2E: A3 010E R				mov	em_file_handle,ax
 0825  8B D8					mov	bx,ax
 0827  B4 3F					mov	ah,3fh
 0829  B9 FFFF					mov	cx,0ffffh
 082C  2E: 8E 1E 03B1 R				mov	ds,em_seg
 0831  BA 0000					mov	dx,0
 0834  CD 21					int	21h
 0836  73 03					jnc	read_em_5
 0838  E9 FF00					jmp	em_read_error
 083B				read_em_5:
 083B  8C C8					mov	ax,cs
 083D  8E D8					mov	ds,ax
 083F  B4 3E					mov	ah,3eh
 0841  2E: 8B 1E 010E R				mov	bx,em_file_handle
 0846  CD 21					int	21h
 0848  73 03					jnc	read_em_exit
 084A  E9 FEE4					jmp	em_close_error
 084D				read_em_exit:
 084D  8C C8					mov	ax,cs
 084F  8E D8					mov	ds,ax
 0851  8E C0					mov	es,ax
 0853  C3					ret
				;================================================
Microsoft (R) Macro Assembler Version 6.00AD    	    05/18/25 18:23:34
z80.asm							     Page 11 - 1


 0854				read_cpm_file:
 0854				read_cpm_00:
 0854  BF 0234 R				mov	di,offset cpm_file_name
 0857				read_cpm_0:
 0857  BE 0081					mov	si,81h
 085A  8A 0E 0080				mov	cl,ds:[80h]
 085E  B5 00					mov	ch,0
 0860  AC			read_cpm_01:	lodsb
 0861  3C 20					cmp	al,' '
 0863  74 FB					je	read_cpm_01
 0865  3C 09					cmp	al,09h
 0867  74 F7					je	read_cpm_01
 0869  4E					dec	si

 086A  AC			read_cpm_02:	lodsb
 086B  3C 20					cmp	al,' '
 086D  74 39					je	read_cpm_03
 086F  3C 0D					cmp	al,0dh
 0871  74 35					je	read_cpm_03
 0873  3C 00					cmp	al,0
 0875  74 31					je	read_cpm_03
 0877  3C 09					cmp	al,09h
 0879  74 2D					je	read_cpm_03
 087B  3C 3A					cmp	al,':'
 087D  75 1A					jne	read_cpm_04
 087F  80 FC 41					cmp	ah,'A'
 0882  72 15					jb	read_cpm_04
 0884  80 FC 5A					cmp	ah,'Z'
 0887  76 0A					jbe	read_cpm_06
 0889  80 FC 7A					cmp	ah,'z'
 088C  77 0B					ja	read_cpm_04
 088E  80 FC 61					cmp	ah,'a'
 0891  72 06					jb	read_cpm_04
 0893  2E: C6 06 0118 R		read_cpm_06:	mov	drv_flag,1
       01
 0899  3C 5C			read_cpm_04:	cmp	al,'\'
 089B  75 06					jne	read_cpm_05
 089D  2E: C6 06 0116 R				mov	path_flag,1
       01
 08A3  AA			read_cpm_05:	stosb
 08A4  8A E0					mov	ah,al
 08A6  E2 C2					loop	read_cpm_02

 08A8  4E			read_cpm_03:	dec	si
 08A9  2E: 89 36 0112 R				mov	cpm_arg_offset,si
 08AE  2E: 89 3E 0119 R				mov	file_name_end,di

 08B3  4E					dec	si
 08B4  B9 0004					mov	cx,4
 08B7  FD			read_cpm_08:	std
 08B8  AC					lodsb
 08B9  3C 2E					cmp	al,'.'
 08BB  74 25					je	read_cpm_09
 08BD  E2 F8					loop	read_cpm_08

 08BF  2E: 8B 3E 0119 R				mov	di,file_name_end
 08C4  BE 0120 R				mov	si,offset cpm_str
 08C7  FC					cld
 08C8  A5					movsw
 08C9  A5					movsw
 08CA  A4					movsb

Microsoft (R) Macro Assembler Version 6.00AD    	    05/18/25 18:23:34
z80.asm							     Page 12 - 1


 08CB  B8 3D00					mov	ax,3d00h
 08CE  BA 0234 R				mov	dx,offset cpm_file_name
				;		call	disp_file_name
 08D1  CD 21					int	21h
 08D3  72 02					jc	read_cpm_10
 08D5  EB 5E					jmp	read_cpm_6

 08D7  2E: 8B 3E 0119 R		read_cpm_10:	mov	di,file_name_end
 08DC  BE 011B R				mov	si,offset com_str
 08DF  FC					cld
 08E0  A5					movsw
 08E1  A5					movsw
 08E2				read_cpm_09:
 08E2  B0 00					mov	al,0
 08E4  AA					stosb
 08E5  B8 3D00					mov	ax,3d00h
 08E8  BA 0234 R				mov	dx,offset cpm_file_name
				;		call	disp_file_name
 08EB  CD 21					int	21h
 08ED  72 02					jc	read_cpm_11
 08EF  EB 44					jmp	read_cpm_6
 08F1				read_cpm_11:
 08F1  2E: 80 3E 0117 R				cmp	env_flag,1
       01
 08F7  74 12					je	read_cpm_111
 08F9  2E: 80 3E 0118 R				cmp	drv_flag,1
       01
 08FF  74 0A					je	read_cpm_111
 0901  2E: 80 3E 0116 R				cmp	path_flag,1
       01
 0907  74 02					je	read_cpm_111
 0909  EB 03					jmp	read_cpm_12
 090B				read_cpm_111:
 090B  E9 FE37					jmp	cpm_open_error

 090E  2E: C6 06 0117 R		read_cpm_12:	mov	env_flag,1
       01
 0914  BE 0134 R				mov	si,offset env_str
 0917  BF 0234 R				mov	di,offset cpm_file_name
 091A  FC					cld
 091B  AC					lodsb
 091C  22 C0					and	al,al
 091E  74 EB					jz	read_cpm_111
 0920  AA					stosb
 0921  B9 007F					mov	cx,127
 0924				read_cpm_1:
 0924  AC					lodsb
 0925  22 C0					and	al,al
 0927  74 06					jz	read_cpm_2
 0929  AA					stosb
 092A  E2 F8					loop	read_cpm_1
 092C  E9 FE25					jmp	too_long_path
 092F				read_cpm_2:
 092F  B0 5C					mov	al,'\'
 0931  AA					stosb
 0932				read_cpm_3:
 0932  E9 FF22					jmp	read_cpm_0

 0935				read_cpm_6:
 0935  2E: A3 0110 R				mov	cpm_file_handle,ax
 0939  8B D8					mov	bx,ax
 093B  B4 3F					mov	ah,3fh
Microsoft (R) Macro Assembler Version 6.00AD    	    05/18/25 18:23:34
z80.asm							     Page 13 - 1


 093D  B9 FE00					mov	cx,0fe00h
 0940  2E: 8E 1E 010C R				mov	ds,z80_seg
 0945  BA 0100					mov	dx,100h
 0948  CD 21					int	21h
 094A  73 03					jnc	read_cpm_7
 094C  E9 FDFB					jmp	cpm_read_error
 094F				read_cpm_7:
 094F  23 C0					and	ax,ax
 0951  75 03					jnz	read_cpm_71
 0953  E9 FDF4					jmp	cpm_read_error
 0956				read_cpm_71:
 0956  3D FE00					cmp	ax,0fe00h
 0959  75 03					jne	read_cpm_8
 095B  E9 FDFB					jmp	too_large_com
 095E				read_cpm_8:
 095E  8C C8					mov	ax,cs
 0960  8E D8					mov	ds,ax
 0962  B4 3E					mov	ah,3eh
 0964  2E: 8B 1E 0110 R				mov	bx,cpm_file_handle
 0969  CD 21					int	21h
 096B  73 03					jnc	read_cpm_exit
 096D  E9 FDD0					jmp	cpm_close_error
 0970				read_cpm_exit:
 0970  C3					ret
				;================================================
 0971				setup_cpm_area:
 0971  2E: 8E 06 010C R				mov	es,z80_seg
 0976  BF 0000					mov	di,0
 0979  B9 0080					mov	cx,80h
 097C  B8 0000					mov	ax,0
 097F  F3/ AB					rep	stosw

 0981  2E: 8B 36 0112 R				mov	si,cpm_arg_offset
 0986  BF 0080					mov	di,80h
 0989  8A 0D					mov	cl,ds:[di]
 098B  B5 00					mov	ch,0
 098D  81 C1 0081				add	cx,81h
 0991  2B CE					sub	cx,si
 0993  76 18					jbe	set_cpm_11

 0995  8A C1					mov	al,cl
 0997  FC					cld
 0998  AA					stosb
 0999  83 E1 7F					and	cx,7fh

 099C  AC			set_cpm_loop:	lodsb
 099D  3C 60					cmp	al,60h
 099F  76 06					jbe	set_cpm_10
 09A1  3C 7B					cmp	al,7bh
 09A3  73 02					jae	set_cpm_10
 09A5  2C 20					sub	al,20h
 09A7  AA			set_cpm_10:	stosb
 09A8  E2 F2					loop	set_cpm_loop

 09AA  B0 00					mov	al,0
 09AC  AA					stosb
 09AD				set_cpm_11:
 09AD  2E: 8B 36 0112 R				mov	si,cpm_arg_offset

 09B2  BF 005C					mov	di,5ch
 09B5  B8 2901					mov	ax,2901h
 09B8  CD 21					int	21h
Microsoft (R) Macro Assembler Version 6.00AD    	    05/18/25 18:23:34
z80.asm							     Page 14 - 1



 09BA  BF 006C					mov	di,6ch
 09BD  B8 2901					mov	ax,2901h
 09C0  CD 21					int	21h

 09C2  8C C8					mov	ax,cs
 09C4  8E D8					mov	ds,ax
 09C6  2E: 8E 06 010C R				mov	es,z80_seg
 09CB  BE 09FE R				mov	si,OFFSET CPM_zero_page_0
 09CE  BF 0000					mov	di,0
 09D1  A5					movsw
 09D2  A5					movsw
 09D3  A5					movsw
 09D4  A5					movsw

 09D5  BF FF84					mov	di,CPM_BDOS
 09D8  BE 0A06 R				mov	si,offset CPM_BDOS_code
 09DB  B9 0002					mov	cx,CPM_BDOS_end - CPM_BDOS_code
 09DE  F3/ A4					rep	movsb

 09E0  BF FF88					mov	di,CPM_BIOS
 09E3  BE 0A08 R				mov	si,offset CPM_BIOS_code
 09E6  B9 0066					mov	cx,CPM_BIOS_end - CPM_BIOS_code
 09E9  F3/ A4					rep	movsb

 09EB  26: 8C 06 0010				mov	es:[10h],es
 09F0  26: 8C 0E 0014				mov	es:[14h],cs
 09F5  2E: A1 03B1 R				mov	ax,EM_SEG
 09F9  26: A3 0012				mov	es:[12h],ax

 09FD  C3					ret
				;------------------------------------------------
				;	CPM	memory image

 = FF84				CPM_BDOS	equ	0ff84h
 = FF88				CPM_BIOS	equ	0ff88h

				JP80		macro	addr
						db	0c3h		;JP instruction for Z80
						dw	addr - CPM_BIOS_code + CPM_BIOS
						endm

				BIOS80		macro	bios_code
						db	0d3h		;OUT instruction for Z80
						db	bios_code
						db	0c9h		;RET
						endm

 09FE C3			CPM_zero_page_0	db	0c3h
 09FF  FF8B					dw	CPM_BIOS+3
 0A01 00			io_byte		db	0
 0A02 02			login_disk	db	2
 0A03 C3			jmp_bdos	db	0c3h
 0A04  FF84					dw	CPM_BDOS

 0A06				CPM_BDOS_code:
 0A06  76					db	076h		;HALT instruction in Z80
 0A07  C9					db	0c9h		;RET
 0A08				CPM_BDOS_end:

 0A08				CPM_BIOS_code:
						JP80	bios80_0
Microsoft (R) Macro Assembler Version 6.00AD    	    05/18/25 18:23:34
z80.asm							     Page 15 - 1


 0A08  C3		     1			db	0c3h		;JP instruction for Z80
 0A09  FFBB		     1			dw	bios80_0 - CPM_BIOS_code + CPM_BIOS
						JP80	bios80_1
 0A0B  C3		     1			db	0c3h		;JP instruction for Z80
 0A0C  FFBE		     1			dw	bios80_1 - CPM_BIOS_code + CPM_BIOS
						JP80	bios80_2
 0A0E  C3		     1			db	0c3h		;JP instruction for Z80
 0A0F  FFC1		     1			dw	bios80_2 - CPM_BIOS_code + CPM_BIOS
						JP80	bios80_3
 0A11  C3		     1			db	0c3h		;JP instruction for Z80
 0A12  FFC4		     1			dw	bios80_3 - CPM_BIOS_code + CPM_BIOS
						JP80	bios80_4
 0A14  C3		     1			db	0c3h		;JP instruction for Z80
 0A15  FFC7		     1			dw	bios80_4 - CPM_BIOS_code + CPM_BIOS
						JP80	bios80_5
 0A17  C3		     1			db	0c3h		;JP instruction for Z80
 0A18  FFCA		     1			dw	bios80_5 - CPM_BIOS_code + CPM_BIOS
						JP80	bios80_6
 0A1A  C3		     1			db	0c3h		;JP instruction for Z80
 0A1B  FFCD		     1			dw	bios80_6 - CPM_BIOS_code + CPM_BIOS
						JP80	bios80_7
 0A1D  C3		     1			db	0c3h		;JP instruction for Z80
 0A1E  FFD0		     1			dw	bios80_7 - CPM_BIOS_code + CPM_BIOS
						JP80	bios80_8
 0A20  C3		     1			db	0c3h		;JP instruction for Z80
 0A21  FFD3		     1			dw	bios80_8 - CPM_BIOS_code + CPM_BIOS
						JP80	bios80_9
 0A23  C3		     1			db	0c3h		;JP instruction for Z80
 0A24  FFD6		     1			dw	bios80_9 - CPM_BIOS_code + CPM_BIOS
						JP80	bios80_10
 0A26  C3		     1			db	0c3h		;JP instruction for Z80
 0A27  FFD9		     1			dw	bios80_10 - CPM_BIOS_code + CPM_BIOS
						JP80	bios80_11
 0A29  C3		     1			db	0c3h		;JP instruction for Z80
 0A2A  FFDC		     1			dw	bios80_11 - CPM_BIOS_code + CPM_BIOS
						JP80	bios80_12
 0A2C  C3		     1			db	0c3h		;JP instruction for Z80
 0A2D  FFDF		     1			dw	bios80_12 - CPM_BIOS_code + CPM_BIOS
						JP80	bios80_13
 0A2F  C3		     1			db	0c3h		;JP instruction for Z80
 0A30  FFE2		     1			dw	bios80_13 - CPM_BIOS_code + CPM_BIOS
						JP80	bios80_14
 0A32  C3		     1			db	0c3h		;JP instruction for Z80
 0A33  FFE5		     1			dw	bios80_14 - CPM_BIOS_code + CPM_BIOS
						JP80	bios80_15
 0A35  C3		     1			db	0c3h		;JP instruction for Z80
 0A36  FFE8		     1			dw	bios80_15 - CPM_BIOS_code + CPM_BIOS
						JP80	bios80_16
 0A38  C3		     1			db	0c3h		;JP instruction for Z80
 0A39  FFEB		     1			dw	bios80_16 - CPM_BIOS_code + CPM_BIOS

 0A3B				bios80_0:	BIOS80	0
 0A3B  D3		     1			db	0d3h		;OUT instruction for Z80
 0A3C  00		     1			db	0
 0A3D  C9		     1			db	0c9h		;RET
 0A3E				bios80_1:	BIOS80	1
 0A3E  D3		     1			db	0d3h		;OUT instruction for Z80
 0A3F  01		     1			db	1
 0A40  C9		     1			db	0c9h		;RET
 0A41				bios80_2:	BIOS80	2
 0A41  D3		     1			db	0d3h		;OUT instruction for Z80
 0A42  02		     1			db	2
Microsoft (R) Macro Assembler Version 6.00AD    	    05/18/25 18:23:34
z80.asm							     Page 16 - 1


 0A43  C9		     1			db	0c9h		;RET
 0A44				bios80_3:	BIOS80	3
 0A44  D3		     1			db	0d3h		;OUT instruction for Z80
 0A45  03		     1			db	3
 0A46  C9		     1			db	0c9h		;RET
 0A47				bios80_4:	BIOS80	4
 0A47  D3		     1			db	0d3h		;OUT instruction for Z80
 0A48  04		     1			db	4
 0A49  C9		     1			db	0c9h		;RET
 0A4A				bios80_5:	BIOS80	5
 0A4A  D3		     1			db	0d3h		;OUT instruction for Z80
 0A4B  05		     1			db	5
 0A4C  C9		     1			db	0c9h		;RET
 0A4D				bios80_6:	BIOS80	6
 0A4D  D3		     1			db	0d3h		;OUT instruction for Z80
 0A4E  06		     1			db	6
 0A4F  C9		     1			db	0c9h		;RET
 0A50				bios80_7:	BIOS80	7
 0A50  D3		     1			db	0d3h		;OUT instruction for Z80
 0A51  07		     1			db	7
 0A52  C9		     1			db	0c9h		;RET
 0A53				bios80_8:	BIOS80	8
 0A53  D3		     1			db	0d3h		;OUT instruction for Z80
 0A54  08		     1			db	8
 0A55  C9		     1			db	0c9h		;RET
 0A56				bios80_9:	BIOS80	9
 0A56  D3		     1			db	0d3h		;OUT instruction for Z80
 0A57  09		     1			db	9
 0A58  C9		     1			db	0c9h		;RET
 0A59				bios80_10:	BIOS80	10
 0A59  D3		     1			db	0d3h		;OUT instruction for Z80
 0A5A  0A		     1			db	10
 0A5B  C9		     1			db	0c9h		;RET
 0A5C				bios80_11:	BIOS80	11
 0A5C  D3		     1			db	0d3h		;OUT instruction for Z80
 0A5D  0B		     1			db	11
 0A5E  C9		     1			db	0c9h		;RET
 0A5F				bios80_12:	BIOS80	12
 0A5F  D3		     1			db	0d3h		;OUT instruction for Z80
 0A60  0C		     1			db	12
 0A61  C9		     1			db	0c9h		;RET
 0A62				bios80_13:	BIOS80	13
 0A62  D3		     1			db	0d3h		;OUT instruction for Z80
 0A63  0D		     1			db	13
 0A64  C9		     1			db	0c9h		;RET
 0A65				bios80_14:	BIOS80	14
 0A65  D3		     1			db	0d3h		;OUT instruction for Z80
 0A66  0E		     1			db	14
 0A67  C9		     1			db	0c9h		;RET
 0A68				bios80_15:	BIOS80	15
 0A68  D3		     1			db	0d3h		;OUT instruction for Z80
 0A69  0F		     1			db	15
 0A6A  C9		     1			db	0c9h		;RET
 0A6B				bios80_16:	BIOS80	16
 0A6B  D3		     1			db	0d3h		;OUT instruction for Z80
 0A6C  10		     1			db	16
 0A6D  C9		     1			db	0c9h		;RET

 0A6E				CPM_bios_end:
				;======================================
 0A6E  52			dsphex4:	push	dx
 0A6F  8B D0					mov	dx,ax
Microsoft (R) Macro Assembler Version 6.00AD    	    05/18/25 18:23:34
z80.asm							     Page 17 - 1


 0A71  8A C4					mov	al,ah
 0A73  E8 0003					call	dsphex2
 0A76  8B C2					mov	ax,dx
 0A78  5A					pop	dx

 0A79  52			dsphex2:	push	dx
 0A7A  8A D0					mov	dl,al
 0A7C  D0 E8					shr	al,1
 0A7E  D0 E8					shr	al,1
 0A80  D0 E8					shr	al,1
 0A82  D0 E8					shr	al,1
 0A84  E8 0003					call	dsphex1
 0A87  8A C2					mov	al,dl
 0A89  5A					pop	dx

 0A8A  52			dsphex1:	push	dx
 0A8B  24 0F					and	al,0fh
 0A8D  3C 09					cmp	al,9
 0A8F  76 02					jbe	dsphex1_1
 0A91  04 07					add	al,'@'-'9'
 0A93  04 30			dsphex1_1:	add	al,'0'
 0A95  8A D0					mov	dl,al
 0A97  B4 02					mov	ah,2
 0A99  CD 21					int	21h
 0A9B  5A					pop	dx
 0A9C  C3					ret
				;======================================
 0A9D				disp_file_name:
 0A9D  50					push	ax
 0A9E  51					push	cx
 0A9F  52					push	dx
 0AA0  56					push	si
 0AA1  8B F2					mov	si,dx
 0AA3  FC					cld
 0AA4  B9 0080					mov	cx,128
 0AA7				disp_file_name_loop:
 0AA7  AC					lodsb
 0AA8  3C 00					cmp	al,0
 0AAA  74 08					je	disp_file_name_exit
 0AAC  8A D0					mov	dl,al
 0AAE  B4 02					mov	ah,2
 0AB0  CD 21					int	21h
 0AB2  E2 F3					loop	disp_file_name_loop
 0AB4				disp_file_name_exit:
 0AB4  B2 0D					mov	dl,0dh
 0AB6  B4 02					mov	ah,02
 0AB8  CD 21					int	21h
 0ABA  B2 0A					mov	dl,0ah
 0ABC  B4 02					mov	ah,2
 0ABE  CD 21					int	21h
 0AC0  5E					pop	si
 0AC1  5A					pop	dx
 0AC2  59					pop	cx
 0AC3  58					pop	ax
 0AC4  C3					ret
				;======================================
					end	start
 
Microsoft (R) Macro Assembler Version 6.00AD    	    05/18/25 18:23:34
z80.asm							     Symbols 18 - 1




Macros:

                N a m e                 Type

BIOS80 . . . . . . . . . . . . .	Proc
JP80 . . . . . . . . . . . . . .	Proc
Microsoft (R) Macro Assembler Version 6.00AD    	    05/18/25 18:23:34
z80.asm							     Symbols 19 - 1




Segments and Groups:

                N a m e                 Size     Length   Align   Combine Class

DGROUP . . . . . . . . . . . . .	GROUP
_TEXT  . . . . . . . . . . . . .	16 Bit	 0AC5	  Word	  Public  'CODE'	
_DATA  . . . . . . . . . . . . .	16 Bit	 0000	  Word	  Public  'DATA'	
Microsoft (R) Macro Assembler Version 6.00AD    	    05/18/25 18:23:34
z80.asm							     Symbols 20 - 1




Symbols:

                N a m e                 Type     Value    Attr

@CodeSize  . . . . . . . . . . .	Number	 0000h	 
@DataSize  . . . . . . . . . . .	Number	 0000h	 
@Interface . . . . . . . . . . .	Number	 0000h	 
@Model . . . . . . . . . . . . .	Number	 0001h	 
@code  . . . . . . . . . . . . .	Text   	 DGROUP
@data  . . . . . . . . . . . . .	Text   	 DGROUP
@fardata?  . . . . . . . . . . .	Text   	 FAR_BSS
@fardata . . . . . . . . . . . .	Text   	 FAR_DATA
@stack . . . . . . . . . . . . .	Text   	 DGROUP
BDOS_no_error  . . . . . . . . .	L Near	 0438	  _TEXT	
BIOS_no_error  . . . . . . . . .	L Near	 0431	  _TEXT	
CPM_BDOS_code  . . . . . . . . .	L Near	 0A06	  _TEXT	
CPM_BDOS_end . . . . . . . . . .	L Near	 0A08	  _TEXT	
CPM_BDOS . . . . . . . . . . . .	Number	 FF84h	 
CPM_BIOS_code  . . . . . . . . .	L Near	 0A08	  _TEXT	
CPM_BIOS . . . . . . . . . . . .	Number	 FF88h	 
CPM_bios_end . . . . . . . . . .	L Near	 0A6E	  _TEXT	
CPM_zero_page_0  . . . . . . . .	Byte	 09FE	  _TEXT	
EM_SEG . . . . . . . . . . . . .	Word	 03B1	  _TEXT	
Z80_error  . . . . . . . . . . .	L Near	 0477	  _TEXT	
Z80em_error_msg  . . . . . . . .	Byte	 0470	  _TEXT	
Z80em_undef_msg  . . . . . . . .	Byte	 044D	  _TEXT	
Z80em_unexec_msg . . . . . . . .	Byte	 045D	  _TEXT	
bdos_bios_em_err . . . . . . . .	L Near	 043B	  _TEXT	
bdos_const . . . . . . . . . . .	L Near	 0557	  _TEXT	
bdos_no_error_msg  . . . . . . .	Byte	 0405	  _TEXT	
bdos_noready . . . . . . . . . .	L Near	 0564	  _TEXT	
bdos_punch . . . . . . . . . . .	L Near	 05B4	  _TEXT	
bdos_read_exit . . . . . . . . .	L Near	 059C	  _TEXT	
bdos_reader  . . . . . . . . . .	L Near	 05B4	  _TEXT	
bdos_read  . . . . . . . . . . .	L Near	 0592	  _TEXT	
bdos_table . . . . . . . . . . .	Word	 04FE	  _TEXT	
bios80_0 . . . . . . . . . . . .	L Near	 0A3B	  _TEXT	
bios80_10  . . . . . . . . . . .	L Near	 0A59	  _TEXT	
bios80_11  . . . . . . . . . . .	L Near	 0A5C	  _TEXT	
bios80_12  . . . . . . . . . . .	L Near	 0A5F	  _TEXT	
bios80_13  . . . . . . . . . . .	L Near	 0A62	  _TEXT	
bios80_14  . . . . . . . . . . .	L Near	 0A65	  _TEXT	
bios80_15  . . . . . . . . . . .	L Near	 0A68	  _TEXT	
bios80_16  . . . . . . . . . . .	L Near	 0A6B	  _TEXT	
bios80_1 . . . . . . . . . . . .	L Near	 0A3E	  _TEXT	
bios80_2 . . . . . . . . . . . .	L Near	 0A41	  _TEXT	
bios80_3 . . . . . . . . . . . .	L Near	 0A44	  _TEXT	
bios80_4 . . . . . . . . . . . .	L Near	 0A47	  _TEXT	
bios80_5 . . . . . . . . . . . .	L Near	 0A4A	  _TEXT	
bios80_6 . . . . . . . . . . . .	L Near	 0A4D	  _TEXT	
bios80_7 . . . . . . . . . . . .	L Near	 0A50	  _TEXT	
bios80_8 . . . . . . . . . . . .	L Near	 0A53	  _TEXT	
bios80_9 . . . . . . . . . . . .	L Near	 0A56	  _TEXT	
bios_boot  . . . . . . . . . . .	L Near	 05D9	  _TEXT	
bios_conin . . . . . . . . . . .	L Near	 05E9	  _TEXT	
bios_conout1 . . . . . . . . . .	L Near	 05FE	  _TEXT	
bios_conout  . . . . . . . . . .	L Near	 05F0	  _TEXT	
bios_const . . . . . . . . . . .	L Near	 05DE	  _TEXT	
bios_home  . . . . . . . . . . .	L Near	 0605	  _TEXT	
bios_listst  . . . . . . . . . .	L Near	 0605	  _TEXT	
Microsoft (R) Macro Assembler Version 6.00AD    	    05/18/25 18:23:34
z80.asm							     Symbols 21 - 1




Symbols:

                N a m e                 Type     Value    Attr

bios_list  . . . . . . . . . . .	L Near	 0605	  _TEXT	
bios_no_error_msg  . . . . . . .	Byte	 041B	  _TEXT	
bios_punch . . . . . . . . . . .	L Near	 0605	  _TEXT	
bios_reader  . . . . . . . . . .	L Near	 0605	  _TEXT	
bios_read  . . . . . . . . . . .	L Near	 0605	  _TEXT	
bios_sectran . . . . . . . . . .	L Near	 0605	  _TEXT	
bios_seldsk  . . . . . . . . . .	L Near	 0605	  _TEXT	
bios_setdma  . . . . . . . . . .	L Near	 0605	  _TEXT	
bios_setsec  . . . . . . . . . .	L Near	 0605	  _TEXT	
bios_settrk  . . . . . . . . . .	L Near	 0605	  _TEXT	
bios_table . . . . . . . . . . .	Word	 05B7	  _TEXT	
bios_wboot . . . . . . . . . . .	L Near	 05D9	  _TEXT	
bios_write . . . . . . . . . . .	L Near	 0605	  _TEXT	
buffer_area  . . . . . . . . . .	Byte	 02B4	  _TEXT	
com_str  . . . . . . . . . . . .	Byte	 011B	  _TEXT	
cpm_arg_offset . . . . . . . . .	Word	 0112	  _TEXT	
cpm_close_error_msg  . . . . . .	Byte	 06DE	  _TEXT	
cpm_close_error  . . . . . . . .	L Near	 0740	  _TEXT	
cpm_file_handle  . . . . . . . .	Word	 0110	  _TEXT	
cpm_file_name  . . . . . . . . .	Byte	 0234	  _TEXT	
cpm_open_error_msg . . . . . . .	Byte	 06B4	  _TEXT	
cpm_open_error . . . . . . . . .	L Near	 0745	  _TEXT	
cpm_read_error_msg . . . . . . .	Byte	 06C9	  _TEXT	
cpm_read_error . . . . . . . . .	L Near	 074A	  _TEXT	
cpm_str  . . . . . . . . . . . .	Byte	 0120	  _TEXT	
disp_file_name_exit  . . . . . .	L Near	 0AB4	  _TEXT	
disp_file_name_loop  . . . . . .	L Near	 0AA7	  _TEXT	
disp_file_name . . . . . . . . .	L Near	 0A9D	  _TEXT	
drv_flag . . . . . . . . . . . .	Byte	 0118	  _TEXT	
dsphex1_1  . . . . . . . . . . .	L Near	 0A93	  _TEXT	
dsphex1  . . . . . . . . . . . .	L Near	 0A8A	  _TEXT	
dsphex2  . . . . . . . . . . . .	L Near	 0A79	  _TEXT	
dsphex4  . . . . . . . . . . . .	L Near	 0A6E	  _TEXT	
em_close_error_msg . . . . . . .	Byte	 069D	  _TEXT	
em_close_error . . . . . . . . .	L Near	 0731	  _TEXT	
em_file_handle . . . . . . . . .	Word	 010E	  _TEXT	
em_file_name0_end  . . . . . . .	L Near	 0134	  _TEXT	
em_file_name0  . . . . . . . . .	Byte	 012A	  _TEXT	
em_file_name . . . . . . . . . .	Byte	 01B4	  _TEXT	
em_open_error_msg  . . . . . . .	Byte	 0671	  _TEXT	
em_open_error  . . . . . . . . .	L Near	 0736	  _TEXT	
em_read_error_msg  . . . . . . .	Byte	 0687	  _TEXT	
em_read_error  . . . . . . . . .	L Near	 073B	  _TEXT	
em_seg_even  . . . . . . . . . .	L Near	 035D	  _TEXT	
env_flag . . . . . . . . . . . .	Byte	 0117	  _TEXT	
env_key  . . . . . . . . . . . .	Byte	 0125	  _TEXT	
env_str  . . . . . . . . . . . .	Byte	 0134	  _TEXT	
error_exit . . . . . . . . . . .	L Near	 0763	  _TEXT	
fcb_addr . . . . . . . . . . . .	Word	 0114	  _TEXT	
file_name_end  . . . . . . . . .	Word	 0119	  _TEXT	
file_search1 . . . . . . . . . .	L Near	 057A	  _TEXT	
file_search2 . . . . . . . . . .	L Near	 0586	  _TEXT	
get_DPB_addr . . . . . . . . . .	L Near	 05B4	  _TEXT	
get_alloc_addr . . . . . . . . .	L Near	 05B4	  _TEXT	
get_io_byte  . . . . . . . . . .	L Near	 0567	  _TEXT	
get_login_vect . . . . . . . . .	L Near	 05B4	  _TEXT	
Microsoft (R) Macro Assembler Version 6.00AD    	    05/18/25 18:23:34
z80.asm							     Symbols 22 - 1




Symbols:

                N a m e                 Type     Value    Attr

get_ro_vect  . . . . . . . . . .	L Near	 05B4	  _TEXT	
get_set_user . . . . . . . . . .	L Near	 059F	  _TEXT	
get_version  . . . . . . . . . .	L Near	 0574	  _TEXT	
go_cpm_2 . . . . . . . . . . . .	L Near	 03DD	  _TEXT	
go_cpm_3 . . . . . . . . . . . .	L Near	 0402	  _TEXT	
go_cpm . . . . . . . . . . . . .	L Near	 039A	  _TEXT	
hajime . . . . . . . . . . . . .	L Near	 0334	  _TEXT	
internal_error_msg . . . . . . .	Byte	 0717	  _TEXT	
io_byte  . . . . . . . . . . . .	Byte	 0A01	  _TEXT	
jmp_bdos . . . . . . . . . . . .	Byte	 0A03	  _TEXT	
login_disk . . . . . . . . . . .	Byte	 0A02	  _TEXT	
main_read_emulator . . . . . . .	L Near	 034D	  _TEXT	
no_mem_msg . . . . . . . . . . .	Byte	 065F	  _TEXT	
no_mem . . . . . . . . . . . . .	L Near	 074F	  _TEXT	
no_op  . . . . . . . . . . . . .	L Near	 039A	  _TEXT	
open_msg . . . . . . . . . . . .	Byte	 0608	  _TEXT	
path_flag  . . . . . . . . . . .	Byte	 0116	  _TEXT	
read_cpm_00  . . . . . . . . . .	L Near	 0854	  _TEXT	
read_cpm_01  . . . . . . . . . .	L Near	 0860	  _TEXT	
read_cpm_02  . . . . . . . . . .	L Near	 086A	  _TEXT	
read_cpm_03  . . . . . . . . . .	L Near	 08A8	  _TEXT	
read_cpm_04  . . . . . . . . . .	L Near	 0899	  _TEXT	
read_cpm_05  . . . . . . . . . .	L Near	 08A3	  _TEXT	
read_cpm_06  . . . . . . . . . .	L Near	 0893	  _TEXT	
read_cpm_08  . . . . . . . . . .	L Near	 08B7	  _TEXT	
read_cpm_09  . . . . . . . . . .	L Near	 08E2	  _TEXT	
read_cpm_0 . . . . . . . . . . .	L Near	 0857	  _TEXT	
read_cpm_10  . . . . . . . . . .	L Near	 08D7	  _TEXT	
read_cpm_111 . . . . . . . . . .	L Near	 090B	  _TEXT	
read_cpm_11  . . . . . . . . . .	L Near	 08F1	  _TEXT	
read_cpm_12  . . . . . . . . . .	L Near	 090E	  _TEXT	
read_cpm_1 . . . . . . . . . . .	L Near	 0924	  _TEXT	
read_cpm_2 . . . . . . . . . . .	L Near	 092F	  _TEXT	
read_cpm_3 . . . . . . . . . . .	L Near	 0932	  _TEXT	
read_cpm_6 . . . . . . . . . . .	L Near	 0935	  _TEXT	
read_cpm_71  . . . . . . . . . .	L Near	 0956	  _TEXT	
read_cpm_7 . . . . . . . . . . .	L Near	 094F	  _TEXT	
read_cpm_8 . . . . . . . . . . .	L Near	 095E	  _TEXT	
read_cpm_exit  . . . . . . . . .	L Near	 0970	  _TEXT	
read_cpm_file  . . . . . . . . .	L Near	 0854	  _TEXT	
read_em_1  . . . . . . . . . . .	L Near	 07FE	  _TEXT	
read_em_2  . . . . . . . . . . .	L Near	 0809	  _TEXT	
read_em_31 . . . . . . . . . . .	L Near	 07FA	  _TEXT	
read_em_3  . . . . . . . . . . .	L Near	 080C	  _TEXT	
read_em_4  . . . . . . . . . . .	L Near	 0821	  _TEXT	
read_em_5  . . . . . . . . . . .	L Near	 083B	  _TEXT	
read_em_exit . . . . . . . . . .	L Near	 084D	  _TEXT	
read_emulator  . . . . . . . . .	L Near	 07DB	  _TEXT	
reset_disk2  . . . . . . . . . .	L Near	 05B4	  _TEXT	
save_cx  . . . . . . . . . . . .	Word	 0108	  _TEXT	
save_di  . . . . . . . . . . . .	Word	 0104	  _TEXT	
save_dx  . . . . . . . . . . . .	Word	 010A	  _TEXT	
save_si  . . . . . . . . . . . .	Word	 0106	  _TEXT	
search_env_exit_1  . . . . . . .	L Near	 07D3	  _TEXT	
search_env_exit  . . . . . . . .	L Near	 07D6	  _TEXT	
search_env_get . . . . . . . . .	L Near	 07C9	  _TEXT	
Microsoft (R) Macro Assembler Version 6.00AD    	    05/18/25 18:23:34
z80.asm							     Symbols 23 - 1




Symbols:

                N a m e                 Type     Value    Attr

search_env_match_1 . . . . . . .	L Near	 07A4	  _TEXT	
search_env_match_2 . . . . . . .	L Near	 07BF	  _TEXT	
search_env_match_3 . . . . . . .	L Near	 07A7	  _TEXT	
search_env_match_4 . . . . . . .	L Near	 07B4	  _TEXT	
search_env_next_1  . . . . . . .	L Near	 0790	  _TEXT	
search_env_next_2  . . . . . . .	L Near	 0788	  _TEXT	
search_env_next_3  . . . . . . .	L Near	 078C	  _TEXT	
search_env_next_4  . . . . . . .	L Near	 077E	  _TEXT	
search_env_next_5  . . . . . . .	L Near	 0799	  _TEXT	
search_env . . . . . . . . . . .	L Near	 0770	  _TEXT	
set_cpm_10 . . . . . . . . . . .	L Near	 09A7	  _TEXT	
set_cpm_11 . . . . . . . . . . .	L Near	 09AD	  _TEXT	
set_cpm_loop . . . . . . . . . .	L Near	 099C	  _TEXT	
set_file_attr  . . . . . . . . .	L Near	 05B4	  _TEXT	
set_io_byte  . . . . . . . . . .	L Near	 056D	  _TEXT	
set_ro . . . . . . . . . . . . .	L Near	 05B4	  _TEXT	
set_user_code_0  . . . . . . . .	L Near	 05B1	  _TEXT	
set_user_code  . . . . . . . . .	L Near	 05A9	  _TEXT	
setup_cpm_area . . . . . . . . .	L Near	 0971	  _TEXT	
sonomama . . . . . . . . . . . .	L Near	 0550	  _TEXT	
start  . . . . . . . . . . . . .	L Near	 0100	  _TEXT	
too_large_com_msg  . . . . . . .	Byte	 0703	  _TEXT	
too_large_com  . . . . . . . . .	L Near	 0759	  _TEXT	
too_long_path_msg  . . . . . . .	Byte	 06F4	  _TEXT	
too_long_path  . . . . . . . . .	L Near	 0754	  _TEXT	
z80_error_0  . . . . . . . . . .	L Near	 04CD	  _TEXT	
z80_error_6  . . . . . . . . . .	L Near	 04E1	  _TEXT	
z80_seg  . . . . . . . . . . . .	Word	 010C	  _TEXT	
z80em_err_addr . . . . . . . . .	Word	 0475	  _TEXT	
z80em_internal_error . . . . . .	L Near	 075E	  _TEXT	

	   0 Warnings
	   0 Errors
